
private someIncludedType included;

private someIncludedType getIncluded(){
	 return this.included;
}

private void setIncluded(someIncludedType included){
	 this.included=included;
}



public void print() {
	someIncludedType someValue = new someIncludedType();
	System.out.println("will " + (someIncludedType.staticFunction(getIncluded())) + " and " + (someIncludedType.staticFunction(someValue)) + " be the same?");
}